 Y A E A R C S
   A E A R C S
     E A R C S
       A R C S
--------------
           C S
