0/1 1/1
0/1 1/2 1/1
0/1 1/3 1/2 2/3 1/1
0/1 1/4 1/3 2/5 1/2 3/5 2/3 3/4 1/1
0/1 1/5 1/4 2/7 1/3 3/8 2/5 3/7 1/2 4/7 3/5 5/8 2/3 5/7 3/4 4/5 1/1
0/1 1/11 1/10 2/19 1/9 3/26 2/17 3/25 1/8 4/31 3/23 5/38 2/15 5/37 3/22 4/29 1/7 5/34 4/27 7/47 3/20 8/53 5/33 7/46 2/13 7/45 5/32 8/51 3/19 7/44 4/25 5/31 1/6 6/35 5/29 9/52 4/23 11/63 7/40 10/57 3/17 11/62 8/45 13/73 5/28 12/67 7/39 9/50 2/11 9/49 7/38 12/65 5/27 13/70 8/43 11/59 3/16 10/53 7/37 11/58 4/21 9/47 5/26 6/31 1/5 7/34 6/29 11/53 5/24 14/67 9/43 13/62 4/19 15/71 11/52 18/85 7/33 17/80 10/47 13/61 3/14 14/65 11/51 19/88 8/37 21/97 13/60 18/83 5/23 17/78 12/55 19/87 7/32 16/73 9/41 11/50 2/9 11/49 9/40 16/71 7/31 19/84 12/53 17/75 5/22 18/79 13/57 21/92 8/35 19/83 11/48 14/61 3/13 13/56 10/43 17/73 7/30 18/77 11/47 15/64 4/17 13/55 9/38 14/59 5/21 11/46 6/25 7/29 1/4 8/31 7/27 13/50 6/23 17/65 11/42 16/61 5/19 19/72 14/53 23/87 9/34 22/83 13/49 17/64 4/15 19/71 15/56 26/97 11/41 29/108 18/67 25/93 7/26 24/89 17/63 27/100 10/37 23/85 13/48 16/59 3/11 17/62 14/51 25/91 11/40 30/109 19/69 27/98 8/29 29/105 21/76 34/123 13/47 31/112 18/65 23/83 5/18 22/79 17/61 29/104 12/43 31/111 19/68 26/93 7/25 23/82 16/57 25/89 9/32 20/71 11/39 13/46 2/7 13/45 11/38 20/69 9/31 25/86 16/55 23/79 7/24 26/89 19/65 31/106 12/41 29/99 17/58 22/75 5/17 23/78 18/61 31/105 13/44 34/115 21/71 29/98 8/27 27/91 19/64 30/101 11/37 25/84 14/47 17/57 3/10 16/53 13/43 23/76 10/33 27/89 17/56 24/79 7/23 25/82 18/59 29/95 11/36 26/85 15/49 19/62 4/13 17/55 13/42 22/71 9/29 23/74 14/45 19/61 5/16 16/51 11/35 17/54 6/19 13/41 7/22 8/25 1/3 9/26 8/23 15/43 7/20 20/57 13/37 19/54 6/17 23/65 17/48 28/79 11/31 27/76 16/45 21/59 5/14 24/67 19/53 33/92 14/39 37/103 23/64 32/89 9/25 31/86 22/61 35/97 13/36 30/83 17/47 21/58 4/11 23/63 19/52 34/93 15/41 41/112 26/71 37/101 11/30 40/109 29/79 47/128 18/49 43/117 25/68 32/87 7/19 31/84 24/65 41/111 17/46 44/119 27/73 37/100 10/27 33/89 23/62 36/97 13/35 29/78 16/43 19/51 3/8 20/53 17/45 31/82 14/37 39/103 25/66 36/95 11/29 41/108 30/79 49/129 19/50 46/121 27/71 35/92 8/21 37/97 29/76 50/131 21/55 55/144 34/89 47/123 13/34 44/115 31/81 49/128 18/47 41/107 23/60 28/73 5/13 27/70 22/57 39/101 17/44 46/119 29/75 41/106 12/31 43/111 31/80 50/129 19/49 45/116 26/67 33/85 7/18 30/77 23/59 39/100 16/41 41/105 25/64 34/87 9/23 29/74 20/51 31/79 11/28 24/61 13/33 15/38 2/5 15/37 13/32 24/59 11/27 31/76 20/49 29/71 9/22 34/83 25/61 41/100 16/39 39/95 23/56 30/73 7/17 33/80 26/63 45/109 19/46 50/121 31/75 43/104 12/29 41/99 29/70 46/111 17/41 39/94 22/53 27/65 5/12 28/67 23/55 41/98 18/43 49/117 31/74 44/105 13/31 47/112 34/81 55/131 21/50 50/119 29/69 37/88 8/19 35/83 27/64 46/109 19/45 49/116 30/71 41/97 11/26 36/85 25/59 39/92 14/33 31/73 17/40 20/47 3/7 19/44 16/37 29/67 13/30 36/83 23/53 33/76 10/23 37/85 27/62 44/101 17/39 41/94 24/55 31/71 7/16 32/73 25/57 43/98 18/41 47/107 29/66 40/91 11/25 37/84 26/59 41/93 15/34 34/77 19/43 23/52 4/9 21/47 17/38 30/67 13/29 35/78 22/49 31/69 9/20 32/71 23/51 37/82 14/31 33/73 19/42 24/53 5/11 21/46 16/35 27/59 11/24 28/61 17/37 23/50 6/13 19/41 13/28 20/43 7/15 15/32 8/17 9/19 1/2 10/19 9/17 17/32 8/15 23/43 15/28 22/41 7/13 27/50 20/37 33/61 13/24 32/59 19/35 25/46 6/11 29/53 23/42 40/73 17/31 45/82 28/51 39/71 11/20 38/69 27/49 43/78 16/29 37/67 21/38 26/47 5/9 29/52 24/43 43/77 19/34 52/93 33/59 47/84 14/25 51/91 37/66 60/107 23/41 55/98 32/57 41/73 9/16 40/71 31/55 53/94 22/39 57/101 35/62 48/85 13/23 43/76 30/53 47/83 17/30 38/67 21/37 25/44 4/7 27/47 23/40 42/73 19/33 53/92 34/59 49/85 15/26 56/97 41/71 67/116 26/45 63/109 37/64 48/83 11/19 51/88 40/69 69/119 29/50 76/131 47/81 65/112 18/31 61/105 43/74 68/117 25/43 57/98 32/55 39/67 7/12 38/65 31/53 55/94 24/41 65/111 41/70 58/99 17/29 61/104 44/75 71/121 27/46 64/109 37/63 47/80 10/17 43/73 33/56 56/95 23/39 59/100 36/61 49/83 13/22 42/71 29/49 45/76 16/27 35/59 19/32 22/37 3/5 23/38 20/33 37/61 17/28 48/79 31/51 45/74 14/23 53/87 39/64 64/105 25/41 61/100 36/59 47/77 11/18 52/85 41/67 71/116 30/49 79/129 49/80 68/111 19/31 65/106 46/75 73/119 27/44 62/101 35/57 43/70 8/13 45/73 37/60 66/107 29/47 79/128 50/81 71/115 21/34 76/123 55/89 89/144 34/55 81/131 47/76 60/97 13/21 57/92 44/71 75/121 31/50 80/129 49/79 67/108 18/29 59/95 41/66 64/103 23/37 51/82 28/45 33/53 5/8 32/51 27/43 49/78 22/35 61/97 39/62 56/89 17/27 63/100 46/73 75/119 29/46 70/111 41/65 53/84 12/19 55/87 43/68 74/117 31/49 81/128 50/79 69/109 19/30 64/101 45/71 71/112 26/41 59/93 33/52 40/63 7/11 37/58 30/47 53/83 23/36 62/97 39/61 55/86 16/25 57/89 41/64 66/103 25/39 59/92 34/53 43/67 9/14 38/59 29/45 49/76 20/31 51/79 31/48 42/65 11/17 35/54 24/37 37/57 13/20 28/43 15/23 17/26 2/3 17/25 15/22 28/41 13/19 37/54 24/35 35/51 11/16 42/61 31/45 51/74 20/29 49/71 29/42 38/55 9/13 43/62 34/49 59/85 25/36 66/95 41/59 57/82 16/23 55/79 39/56 62/89 23/33 53/76 30/43 37/53 7/10 40/57 33/47 59/84 26/37 71/101 45/64 64/91 19/27 69/98 50/71 81/115 31/44 74/105 43/61 55/78 12/17 53/75 41/58 70/99 29/41 75/106 46/65 63/89 17/24 56/79 39/55 61/86 22/31 49/69 27/38 32/45 5/7 33/46 28/39 51/71 23/32 64/89 41/57 59/82 18/25 67/93 49/68 80/111 31/43 75/104 44/61 57/79 13/18 60/83 47/65 81/112 34/47 89/123 55/76 76/105 21/29 71/98 50/69 79/109 29/40 66/91 37/51 45/62 8/11 43/59 35/48 62/85 27/37 73/100 46/63 65/89 19/26 68/93 49/67 79/108 30/41 71/97 41/56 52/71 11/15 47/64 36/49 61/83 25/34 64/87 39/53 53/72 14/19 45/61 31/42 48/65 17/23 37/50 20/27 23/31 3/4 22/29 19/25 35/46 16/21 45/59 29/38 42/55 13/17 49/64 36/47 59/77 23/30 56/73 33/43 43/56 10/13 47/61 37/48 64/83 27/35 71/92 44/57 61/79 17/22 58/75 41/53 65/84 24/31 55/71 31/40 38/49 7/9 39/50 32/41 57/73 25/32 68/87 43/55 61/78 18/23 65/83 47/60 76/97 29/37 69/88 40/51 51/65 11/14 48/61 37/47 63/80 26/33 67/85 41/52 56/71 15/19 49/62 34/43 53/67 19/24 42/53 23/29 27/34 4/5 25/31 21/26 38/47 17/21 47/58 30/37 43/53 13/16 48/59 35/43 57/70 22/27 53/65 31/38 40/49 9/11 41/50 32/39 55/67 23/28 60/73 37/45 51/62 14/17 47/57 33/40 52/63 19/23 43/52 24/29 29/35 5/6 26/31 21/25 37/44 16/19 43/51 27/32 38/45 11/13 39/46 28/33 45/53 17/20 40/47 23/27 29/34 6/7 25/29 19/22 32/37 13/15 33/38 20/23 27/31 7/8 22/25 15/17 23/26 8/9 17/19 9/10 10/11 1/1
